stm32wbxx_ll_rcc.h:1665:22:LL_RCC_LSE_SetDriveCapability	16	static
stm32wbxx_ll_bus.h:540:22:LL_AHB2_GRP1_EnableClock	24	static
main.c:73:6:cmd1_led	16	static
main.c:79:6:cmd2_led	16	static
main.c:90:5:main	72	static
main.c:190:6:SystemClock_Config	192	static
main.c:273:13:MX_LPUART1_UART_Init	8	static
main.c:321:13:MX_USART1_UART_Init	8	static
main.c:369:13:MX_TIM1_Init	88	static
main.c:423:13:MX_USB_PCD_Init	8	static
main.c:456:13:MX_GPIO_Init	32	static
main.c:491:6:HAL_UART_RxCpltCallback	16	static
main.c:509:6:Error_Handler	4	static,ignoring_inline_asm
