stm32wbxx_ll_rcc.h:1665:22:LL_RCC_LSE_SetDriveCapability	16	static
stm32wbxx_ll_bus.h:540:22:LL_AHB2_GRP1_EnableClock	24	static
main.c:90:6:parse_to_func	32	static
main.c:133:6:cmd1_led	16	static
main.c:139:6:cmd2_led	16	static
main.c:150:5:main	48	static
main.c:204:6:SystemClock_Config	192	static
main.c:287:13:MX_LPUART1_UART_Init	8	static
main.c:335:13:MX_USART1_UART_Init	8	static
main.c:383:13:MX_TIM1_Init	88	static
main.c:437:13:MX_USB_PCD_Init	8	static
main.c:470:13:MX_GPIO_Init	32	static
main.c:505:6:HAL_UART_RxCpltCallback	16	static
main.c:523:6:Error_Handler	4	static,ignoring_inline_asm
