stm32wbxx_it.c:73:6:NMI_Handler	4	static
stm32wbxx_it.c:88:6:HardFault_Handler	4	static
stm32wbxx_it.c:103:6:MemManage_Handler	4	static
stm32wbxx_it.c:118:6:BusFault_Handler	4	static
stm32wbxx_it.c:133:6:UsageFault_Handler	4	static
stm32wbxx_it.c:148:6:SVC_Handler	4	static
stm32wbxx_it.c:161:6:DebugMon_Handler	4	static
stm32wbxx_it.c:174:6:PendSV_Handler	4	static
stm32wbxx_it.c:187:6:SysTick_Handler	8	static
stm32wbxx_it.c:208:6:TIM1_UP_TIM16_IRQHandler	8	static
stm32wbxx_it.c:233:6:I2C1_EV_IRQHandler	8	static
stm32wbxx_it.c:247:6:I2C1_ER_IRQHandler	8	static
stm32wbxx_it.c:261:6:USART1_IRQHandler	8	static
stm32wbxx_it.c:275:6:LPUART1_IRQHandler	8	static
