09:56:59 **** Incremental Build of configuration Debug for project LUART_connect ****
make -j7 all 
arm-none-eabi-gcc "../Core/Src/main.c" -mcpu=cortex-m4 -std=gnu11 -g3 -DUSE_HAL_DRIVER -DDEBUG -DSTM32WB55xx -c -I../Core/Inc -I../Drivers/STM32WBxx_HAL_Driver/Inc -I../Drivers/STM32WBxx_HAL_Driver/Inc/Legacy -I../Drivers/CMSIS/Device/ST/STM32WBxx/Include -I../Drivers/CMSIS/Include -O0 -ffunction-sections -fdata-sections -Wall -fstack-usage -MMD -MP -MF"Core/Src/main.d" -MT"Core/Src/main.o" --specs=nano.specs -mfpu=fpv4-sp-d16 -mfloat-abi=hard -mthumb -o "Core/Src/main.o"
arm-none-eabi-gcc -o "LUART_connect.elf" @"objects.list"   -mcpu=cortex-m4 -T"/Users/alex/Desktop/LUART_connect/LUART_connect/STM32WB55RGVX_FLASH.ld" --specs=nosys.specs -Wl,-Map="LUART_connect.map" -Wl,--gc-sections -static --specs=nano.specs -mfpu=fpv4-sp-d16 -mfloat-abi=hard -mthumb -Wl,--start-group -lc -lm -Wl,--end-group
Finished building target: LUART_connect.elf
 
arm-none-eabi-objdump -h -S  LUART_connect.elf  > "LUART_connect.list"
arm-none-eabi-objcopy  -O binary  LUART_connect.elf  "LUART_connect.bin"
arm-none-eabi-size   LUART_connect.elf 
   text	   data	    bss	    dec	    hex	filename
  23792	    488	   2660	  26940	   693c	LUART_connect.elf
Finished building: default.size.stdout
 
Finished building: LUART_connect.bin
 
Finished building: LUART_connect.list
 

09:57:03 Build Finished. 0 errors, 0 warnings. (took 3s.126ms)

